WARNING: No CurseForge file rows found for HearthGuard (hearthguard) on files page 1. Tried URL: https://www.curseforge.com/minecraft/mc-mods/hearthguard/files/all?page=1&pageSize=20&showAlphaFiles=hide
WARNING: No CurseForge file rows found for CinderStride (cinderstride) on files page 1. Tried URL: https://www.curseforge.com/minecraft/mc-mods/cinderstride/files/all?page=1&pageSize=20&showAlphaFiles=hide
WARNING: No CurseForge file rows found for Dirigo (dirigo) on files page 1. Tried URL: https://www.curseforge.com/minecraft/mc-mods/dirigo/files/all?page=1&pageSize=20&showAlphaFiles=hide
WARNING: No CurseForge file rows found for Smart Feeding Troughs (smart-feeding-troughs) on files page 1. Tried URL: https://www.curseforge.com/minecraft/mc-mods/smart-feeding-troughs/files/all?page=1&pageSize=20&showAlphaFiles=hide

Today daily platform breakdown
------------------------------
platform  HearthGuard  CinderStride  Dirigo  Smart Feeding Troughs
--------  -----------  ------------  ------  ---------------------
modrinth  16           6             28      24                   

Today daily loader breakdown
----------------------------
loader_group  HearthGuard  CinderStride  Dirigo  Smart Feeding Troughs
------------  -----------  ------------  ------  ---------------------
fabric        8            6             24      18                   
neoforge      8            0             4       6                    

Today daily Minecraft version breakdown
---------------------------------------
mc_version  HearthGuard  CinderStride  Dirigo  Smart Feeding Troughs
----------  -----------  ------------  ------  ---------------------
1.21.1      10           6             22      18                   
26.1.2      6            0             6       6                    
1.21.11     0            0             0       0                    
26.1        0            0             0       0                    
26.1.1      0            0             0       0                    

Today daily mod version breakdown
---------------------------------
mod_version  HearthGuard  CinderStride  Dirigo  Smart Feeding Troughs
-----------  -----------  ------------  ------  ---------------------
1.2.0        0            0             4       24                   
1.3.0        0            0             22      0                    
1.1.1        16           0             0       0                    
1.0.0        0            4             0       0                    
1.1.0        0            2             2       0                    
1.0.1        0            0             0       0                    
1.0.3        0            0             0       0                    
1.0.2        0            0             0       0                    
